// Jest Snapshot v1, https://goo.gl/fbAQLP

exports[`Snapshot Testing: WeekContainer renders without crashing with the save snapshot 1`] = `
<div
  className="container"
>
  <h1
    className="display-2 jumbotron"
  >
    Weather Forecast
  </h1>
  <h5
    className="display-5"
  >
    Location: New York, US
  </h5>
  <DegreeToggle
    degreeType="farenheit"
    updateForecastDegree={[Function]}
  />
  <div
    className="row"
  />
</div>
`;
